.\gradlew.bat : e: file:///C:/Users/paran.ASABD/Desktop/Projects/PhotoEdi
tor/app/build.gradle.kts:10:5: None of the following candidates is 
applicable:
At line:1 char:1
+ .\gradlew.bat assembleDebug --console=plain > build_error.log 2>&1
+ ~~~~~~~~~~~~~~~~~~~~~~~~~~~~~~~~~~~~~~~~~~~~~~~~~~~~~~~~~~~~~~~~~~
    + CategoryInfo          : NotSpecified: (e: file:///C:/U... is appli 
   cable::String) [], RemoteException
    + FullyQualifiedErrorId : NativeCommandError
 
fun <T : Any> Action<in T>.invoke(target: T): Unit
fun ArtifactHandler.invoke(configuration: ArtifactHandlerScope.() -> 
Unit): Unit
fun <V> Callable<V>.invoke(): V
fun <D : ModuleDependency> DependencyModifier.invoke(dependency: D): D
fun DependencyModifier.invoke(dependencyNotation: CharSequence): 
ExternalModuleDependency
fun DependencyModifier.invoke(dependency: Provider<out 
ModuleDependency>): Provider<out ModuleDependency>
fun DependencyCollector.invoke(dependencyNotation: CharSequence): Unit
fun DependencyCollector.invoke(files: FileCollection): Unit
fun DependencyCollector.invoke(dependency: Dependency): Unit
fun DependencyCollector.invoke(dependency: Provider<out Dependency>): 
Unit

> Configure project :app
fun DependencyCollector.invoke(dependencyConstraint: 
DependencyConstraint): Unit
fun DependencyCollector.invoke(dependencyConstraint: Provider<out 
DependencyConstraint>): Unit
fun DependencyConstraintHandler.invoke(configuration: 
DependencyConstraintHandlerScope.() -> Unit): Unit
fun <T> ExtraPropertiesExtension.invoke(initialValueProvider: () -> T): 
InitialValueExtraPropertyDelegateProvider<T>
fun <T> ExtraPropertiesExtension.invoke(initialValue: T): 
InitialValueExtraPropertyDelegateProvider<T>
fun <T> Closure<T>.invoke(): T
fun <T> Closure<T>.invoke(x: Any?): T
fun <T> Closure<T>.invoke(vararg xs: Any?): T
e: file:///C:/Users/paran.ASABD/Desktop/Projects/PhotoEditor/app/build.gr
adle.kts:11:31: Too many arguments for 'fun 
NamedDomainObjectContainer<ApplicationBuildType>.release(action: 
ApplicationBuildType.() -> Unit): Unit'.
e: file:///C:/Users/paran.ASABD/Desktop/Projects/PhotoEditor/app/build.gr
adle.kts:12:13: Unresolved reference 'minorApiLevel'.
e: file:///C:/Users/paran.ASABD/Desktop/Projects/PhotoEditor/app/build.gr
adle.kts:58:10: Argument type mismatch: actual type is 
'Provider<MinimalExternalModuleDependency>', but 'Action<KaptExtension>' 
was expected.
e: file:///C:/Users/paran.ASABD/Desktop/Projects/PhotoEditor/app/build.gr
adle.kts:62:10: Argument type mismatch: actual type is 
'Provider<MinimalExternalModuleDependency>', but 'Action<KaptExtension>' 
was expected.

[Incubating] Problems report is available at: file:///C:/Users/paran.ASABD/Desktop/Projects/PhotoEditor/build/reports/problems/problems-report.html

FAILURE: Build failed with an exception.

* Where:
Build file 
'C:\Users\paran.ASABD\Desktop\Projects\PhotoEditor\app\build.gradle.kts' 
line: 10

* What went wrong:
Script compilation errors:

  Line 10:     compileSdk {
               ^ None of the following candidates is applicable:
                   fun <T : Any> Action<in T>.invoke(target: T): Unit
                   fun ArtifactHandler.invoke(configuration: 
ArtifactHandlerScope.() -> Unit): Unit
                   fun <V> Callable<V>.invoke(): V
                   fun <D : ModuleDependency> 
DependencyModifier.invoke(dependency: D): D
                   fun DependencyModifier.invoke(dependencyNotation: 
CharSequence): ExternalModuleDependency
                   fun DependencyModifier.invoke(dependency: 
Provider<out ModuleDependency>): Provider<out ModuleDependency>
                   fun DependencyCollector.invoke(dependencyNotation: 
CharSequence): Unit
                   fun DependencyCollector.invoke(files: 
FileCollection): Unit
                   fun DependencyCollector.invoke(dependency: 
Dependency): Unit
                   fun DependencyCollector.invoke(dependency: 
Provider<out Dependency>): Unit
                   fun DependencyCollector.invoke(dependencyConstraint: 
DependencyConstraint): Unit
                   fun DependencyCollector.invoke(dependencyConstraint: 
Provider<out DependencyConstraint>): Unit
                   fun DependencyConstraintHandler.invoke(configuration: 
DependencyConstraintHandlerScope.() -> Unit): Unit
                   fun <T> 
ExtraPropertiesExtension.invoke(initialValueProvider: () -> T): 
InitialValueExtraPropertyDelegateProvider<T>
                   fun <T> ExtraPropertiesExtension.invoke(initialValue: 
T): InitialValueExtraPropertyDelegateProvider<T>
                   fun <T> Closure<T>.invoke(): T
                   fun <T> Closure<T>.invoke(x: Any?): T
                   fun <T> Closure<T>.invoke(vararg xs: Any?): T

  Line 11:         version = release(36) {
                                         ^ Too many arguments for 'fun 
NamedDomainObjectContainer<ApplicationBuildType>.release(action: 
ApplicationBuildType.() -> Unit): Unit'.

  Line 12:             minorApiLevel = 1
                       ^ Unresolved reference 'minorApiLevel'.

  Line 58:     kapt(libs.hilt.compiler)
                    ^ Argument type mismatch: actual type is 
'Provider<MinimalExternalModuleDependency>', but 'Action<KaptExtension>' 
was expected.

  Line 62:     kapt(libs.room.compiler)
                    ^ Argument type mismatch: actual type is 
'Provider<MinimalExternalModuleDependency>', but 'Action<KaptExtension>' 
was expected.

5 errors

* Try:
> Run with --stacktrace option to get the stack trace.
> Run with --info or --debug option to get more log output.
> Run with --scan to get full insights from a Build Scan (powered by 
Develocity).
> Get more help at https://help.gradle.org.

Deprecated Gradle features were used in this build, making it incompatible with Gradle 10.

You can use '--warning-mode all' to show the individual deprecation warnings and determine if they come from your own scripts or plugins.

For more on this, please refer to https://docs.gradle.org/9.3.1/userguide/command_line_interface.html#sec:command_line_warnings in the Gradle documentation.

BUILD FAILED in 4s
